INFO - 04/10/26 18:45:59 - 0:00:00 - ============ Initialized logger ============
INFO - 04/10/26 18:45:59 - 0:00:00 - N: 30
                                     Q: 127
                                     algo: BKZ2.0
                                     algo2: BKZ2.0
                                     batch_size: 20
                                     beta_max: 0.16
                                     beta_min: 0.08
                                     bkz_block_size: 30
                                     bkz_block_size2: 40
                                     boundary_base: 0.92
                                     boundary_jitter: 0.22
                                     clipping_bound: 4
                                     command: python generate.py --cpu true --step Ab --reload_data '/home/yu_mcc/PQC_salsa/runs/n30_q127_h3_1m/ra_main' --N 30 --Q 127 --m 30 --min_hamming 10 --max_hamming 10 --num_secret_seeds 30 --secret_type proposed_ternary_sparse --sigma 3 --gamma 2 --epoch_size 8000 --reload_size 1000000 --num_workers 1 --dump_path '/home/yu_mcc/PQC_salsa/runs' --exp_name n30_q127_h3_1m --exp_id ab_proposed_ternary_h10_s30 --exp_id "ab_proposed_ternary_h10_s30"
                                     correctQ: False
                                     cpu: True
                                     debug: False
                                     debug_slurm: False
                                     dump_path: /home/yu_mcc/PQC_salsa/runs/n30_q127_h3_1m/ab_proposed_ternary_h10_s30
                                     env_base_seed: -1
                                     epoch_size: 8000
                                     exp_id: ab_proposed_ternary_h10_s30
                                     exp_name: n30_q127_h3_1m
                                     family_count: 5
                                     float_type: double
                                     gamma: 2
                                     global_rank: 0
                                     is_master: True
                                     is_slurm_job: False
                                     lll_delta: 0.96
                                     lll_delta2: 0.99
                                     lll_penalty: 10
                                     local_rank: 0
                                     lwe: False
                                     m: 30
                                     master_port: -1
                                     max_hamming: 10
                                     max_timeout_count: 10
                                     min_hamming: 10
                                     multi_gpu: False
                                     multi_node: False
                                     n_gpu_per_node: 1
                                     n_nodes: 1
                                     node_id: 0
                                     num_orig_samples: -1
                                     num_secret_seeds: 30
                                     num_workers: 1
                                     orig_A_path: /home/yu_mcc/PQC_salsa/runs/n30_q127_h3_1m/origA_4n/orig_A.npy
                                     region_count: 4
                                     reload_data: /home/yu_mcc/PQC_salsa/runs/n30_q127_h3_1m/ra_main
                                     reload_perm: 
                                     reload_size: 1000000
                                     resume_path: 
                                     rnorm: 1.0
                                     secret_dir: 
                                     secret_type: proposed_ternary_sparse
                                     setup_eval_samples: 4096
                                     sigma: 3.0
                                     step: Ab
                                     threshold: -1
                                     threshold2: 0.5
                                     timeout: 10
                                     tiny1: False
                                     tiny2: True
                                     use_polish: False
                                     world_size: 1
INFO - 04/10/26 18:45:59 - 0:00:00 - The experiment will be stored in /home/yu_mcc/PQC_salsa/runs/n30_q127_h3_1m/ab_proposed_ternary_h10_s30
                                     
INFO - 04/10/26 18:45:59 - 0:00:00 - Running command: python generate.py --cpu true --step Ab --reload_data '/home/yu_mcc/PQC_salsa/runs/n30_q127_h3_1m/ra_main' --N 30 --Q 127 --m 30 --min_hamming 10 --max_hamming 10 --num_secret_seeds 30 --secret_type proposed_ternary_sparse --sigma 3 --gamma 2 --epoch_size 8000 --reload_size 1000000 --num_workers 1 --dump_path '/home/yu_mcc/PQC_salsa/runs' --exp_name n30_q127_h3_1m --exp_id ab_proposed_ternary_h10_s30

INFO - 04/10/26 18:45:59 - 0:00:00 -  Nb CPU: 24 and Nb worker: 1
INFO - 04/10/26 18:45:59 - 0:00:00 - Creating proposed_ternary_sparse secret
INFO - 04/10/26 18:45:59 - 0:00:01 - Data will be stored in: /home/yu_mcc/PQC_salsa/runs/n30_q127_h3_1m/ab_proposed_ternary_h10_s30/test.prefix ...
INFO - 04/10/26 18:45:59 - 0:00:01 - Loading data from /home/yu_mcc/PQC_salsa/runs/n30_q127_h3_1m/ra_main/data.prefix ... seekpos 0
INFO - 04/10/26 18:46:04 - 0:00:05 - Loaded 17074 matrices from the disk. seekpos 74474233
INFO - 04/10/26 18:46:05 - 0:00:06 -     500 - 5557.93 equations/s - 
INFO - 04/10/26 18:46:06 - 0:00:07 -    1000 - 25639.75 equations/s - 
INFO - 04/10/26 18:46:07 - 0:00:09 -    1500 - 17079.39 equations/s - 
INFO - 04/10/26 18:46:10 - 0:00:11 -    2000 - 12726.78 equations/s - 
INFO - 04/10/26 18:46:13 - 0:00:14 -    2500 - 9601.85 equations/s - 
INFO - 04/10/26 18:46:17 - 0:00:18 -    3000 - 8044.43 equations/s - 
INFO - 04/10/26 18:46:21 - 0:00:22 -    3500 - 6966.22 equations/s - 
INFO - 04/10/26 18:46:26 - 0:00:27 -    4000 - 6378.49 equations/s - 
INFO - 04/10/26 18:46:35 - 0:00:36 -    4500 - 3350.52 equations/s - 
INFO - 04/10/26 18:46:41 - 0:00:42 -    5000 - 5137.45 equations/s - 
INFO - 04/10/26 18:46:47 - 0:00:48 -    5500 - 4671.15 equations/s - 
INFO - 04/10/26 18:46:54 - 0:00:55 -    6000 - 4374.77 equations/s - 
INFO - 04/10/26 18:47:01 - 0:01:03 -    6500 - 4080.04 equations/s - 
INFO - 04/10/26 18:47:13 - 0:01:14 -    7000 - 2598.05 equations/s - 
INFO - 04/10/26 18:47:21 - 0:01:23 -    7500 - 3474.62 equations/s - 
INFO - 04/10/26 18:47:31 - 0:01:32 -    8000 - 3250.19 equations/s - 
