INFO - 04/10/26 15:38:56 - 0:00:00 - ============ Initialized logger ============
INFO - 04/10/26 15:38:56 - 0:00:00 - N: 30
                                     Q: 127
                                     algo: BKZ2.0
                                     algo2: BKZ2.0
                                     batch_size: 20
                                     beta_max: 0.16
                                     beta_min: 0.08
                                     bkz_block_size: 30
                                     bkz_block_size2: 40
                                     boundary_base: 0.92
                                     boundary_jitter: 0.22
                                     clipping_bound: 4
                                     command: python generate.py --cpu true --step Ab --reload_data '/home/yu_mcc/PQC_salsa/runs/n30_q127_h3_1m/ra_main' --N 30 --Q 127 --m 30 --min_hamming 10 --max_hamming 10 --num_secret_seeds 10 --secret_type binary --sigma 3 --gamma 2 --epoch_size 8000 --reload_size 1000000 --num_workers 1 --dump_path '/home/yu_mcc/PQC_salsa/runs/n30_q127_h3_1m' --exp_name result --exp_id ab_binary_h10_s10 --exp_id "ab_binary_h10_s10"
                                     correctQ: False
                                     cpu: True
                                     debug: False
                                     debug_slurm: False
                                     dump_path: /home/yu_mcc/PQC_salsa/runs/n30_q127_h3_1m/result/ab_binary_h10_s10
                                     env_base_seed: -1
                                     epoch_size: 8000
                                     exp_id: ab_binary_h10_s10
                                     exp_name: result
                                     family_count: 5
                                     float_type: double
                                     gamma: 2
                                     global_rank: 0
                                     is_master: True
                                     is_slurm_job: False
                                     lll_delta: 0.96
                                     lll_delta2: 0.99
                                     lll_penalty: 10
                                     local_rank: 0
                                     lwe: False
                                     m: 30
                                     master_port: -1
                                     max_hamming: 10
                                     max_timeout_count: 10
                                     min_hamming: 10
                                     multi_gpu: False
                                     multi_node: False
                                     n_gpu_per_node: 1
                                     n_nodes: 1
                                     node_id: 0
                                     num_orig_samples: -1
                                     num_secret_seeds: 10
                                     num_workers: 1
                                     orig_A_path: /home/yu_mcc/PQC_salsa/runs/n30_q127_h3_1m/origA_4n/orig_A.npy
                                     region_count: 4
                                     reload_data: /home/yu_mcc/PQC_salsa/runs/n30_q127_h3_1m/ra_main
                                     reload_perm: 
                                     reload_size: 1000000
                                     resume_path: 
                                     rnorm: 1.0
                                     secret_dir: 
                                     secret_type: binary
                                     setup_eval_samples: 4096
                                     sigma: 3.0
                                     step: Ab
                                     threshold: -1
                                     threshold2: 0.5
                                     timeout: 10
                                     tiny1: False
                                     tiny2: True
                                     use_polish: False
                                     world_size: 1
INFO - 04/10/26 15:38:56 - 0:00:00 - The experiment will be stored in /home/yu_mcc/PQC_salsa/runs/n30_q127_h3_1m/result/ab_binary_h10_s10
                                     
INFO - 04/10/26 15:38:56 - 0:00:00 - Running command: python generate.py --cpu true --step Ab --reload_data '/home/yu_mcc/PQC_salsa/runs/n30_q127_h3_1m/ra_main' --N 30 --Q 127 --m 30 --min_hamming 10 --max_hamming 10 --num_secret_seeds 10 --secret_type binary --sigma 3 --gamma 2 --epoch_size 8000 --reload_size 1000000 --num_workers 1 --dump_path '/home/yu_mcc/PQC_salsa/runs/n30_q127_h3_1m' --exp_name result --exp_id ab_binary_h10_s10

INFO - 04/10/26 15:38:56 - 0:00:00 -  Nb CPU: 24 and Nb worker: 1
INFO - 04/10/26 15:38:56 - 0:00:00 - Creating binary secret
INFO - 04/10/26 15:38:56 - 0:00:00 - Data will be stored in: /home/yu_mcc/PQC_salsa/runs/n30_q127_h3_1m/result/ab_binary_h10_s10/test.prefix ...
INFO - 04/10/26 15:38:56 - 0:00:00 - Loading data from /home/yu_mcc/PQC_salsa/runs/n30_q127_h3_1m/ra_main/data.prefix ... seekpos 0
INFO - 04/10/26 15:39:00 - 0:00:05 - Loaded 17074 matrices from the disk. seekpos 74474233
INFO - 04/10/26 15:39:01 - 0:00:05 -     500 - 5727.61 equations/s - 
INFO - 04/10/26 15:39:02 - 0:00:06 -    1000 - 37940.24 equations/s - 
INFO - 04/10/26 15:39:02 - 0:00:07 -    1500 - 34993.22 equations/s - 
INFO - 04/10/26 15:39:04 - 0:00:08 -    2000 - 27604.14 equations/s - 
INFO - 04/10/26 15:39:08 - 0:00:13 -    2500 - 6205.08 equations/s - 
INFO - 04/10/26 15:39:10 - 0:00:14 -    3000 - 21162.79 equations/s - 
INFO - 04/10/26 15:39:11 - 0:00:16 -    3500 - 20214.35 equations/s - 
INFO - 04/10/26 15:39:13 - 0:00:17 -    4000 - 17383.27 equations/s - 
INFO - 04/10/26 15:39:15 - 0:00:20 -    4500 - 14364.42 equations/s - 
INFO - 04/10/26 15:39:17 - 0:00:22 -    5000 - 12700.64 equations/s - 
INFO - 04/10/26 15:39:20 - 0:00:24 -    5500 - 12059.70 equations/s - 
INFO - 04/10/26 15:39:23 - 0:00:27 -    6000 - 10928.31 equations/s - 
INFO - 04/10/26 15:39:26 - 0:00:30 -    6500 - 10503.62 equations/s - 
INFO - 04/10/26 15:39:29 - 0:00:33 -    7000 - 9962.66 equations/s - 
INFO - 04/10/26 15:39:32 - 0:00:36 -    7500 - 9307.31 equations/s - 
INFO - 04/10/26 15:39:35 - 0:00:40 -    8000 - 8754.75 equations/s - 
