INFO - 04/10/26 15:41:02 - 0:00:00 - ============ Initialized logger ============
INFO - 04/10/26 15:41:02 - 0:00:00 - N: 30
                                     Q: 127
                                     algo: BKZ2.0
                                     algo2: BKZ2.0
                                     batch_size: 20
                                     beta_max: 0.16
                                     beta_min: 0.08
                                     bkz_block_size: 30
                                     bkz_block_size2: 40
                                     boundary_base: 0.92
                                     boundary_jitter: 0.22
                                     clipping_bound: 4
                                     command: python generate.py --cpu true --step Ab --reload_data '/home/yu_mcc/PQC_salsa/runs/n30_q127_h3_1m/ra_main' --N 30 --Q 127 --m 30 --min_hamming 10 --max_hamming 10 --num_secret_seeds 10 --secret_type binomial --sigma 3 --gamma 2 --epoch_size 8000 --reload_size 1000000 --num_workers 1 --dump_path '/home/yu_mcc/PQC_salsa/runs/n30_q127_h3_1m' --exp_name result --exp_id ab_binomial_h10_s10 --exp_id "ab_binomial_h10_s10"
                                     correctQ: False
                                     cpu: True
                                     debug: False
                                     debug_slurm: False
                                     dump_path: /home/yu_mcc/PQC_salsa/runs/n30_q127_h3_1m/result/ab_binomial_h10_s10
                                     env_base_seed: -1
                                     epoch_size: 8000
                                     exp_id: ab_binomial_h10_s10
                                     exp_name: result
                                     family_count: 5
                                     float_type: double
                                     gamma: 2
                                     global_rank: 0
                                     is_master: True
                                     is_slurm_job: False
                                     lll_delta: 0.96
                                     lll_delta2: 0.99
                                     lll_penalty: 10
                                     local_rank: 0
                                     lwe: False
                                     m: 30
                                     master_port: -1
                                     max_hamming: 10
                                     max_timeout_count: 10
                                     min_hamming: 10
                                     multi_gpu: False
                                     multi_node: False
                                     n_gpu_per_node: 1
                                     n_nodes: 1
                                     node_id: 0
                                     num_orig_samples: -1
                                     num_secret_seeds: 10
                                     num_workers: 1
                                     orig_A_path: /home/yu_mcc/PQC_salsa/runs/n30_q127_h3_1m/origA_4n/orig_A.npy
                                     region_count: 4
                                     reload_data: /home/yu_mcc/PQC_salsa/runs/n30_q127_h3_1m/ra_main
                                     reload_perm: 
                                     reload_size: 1000000
                                     resume_path: 
                                     rnorm: 1.0
                                     secret_dir: 
                                     secret_type: binomial
                                     setup_eval_samples: 4096
                                     sigma: 3.0
                                     step: Ab
                                     threshold: -1
                                     threshold2: 0.5
                                     timeout: 10
                                     tiny1: False
                                     tiny2: True
                                     use_polish: False
                                     world_size: 1
INFO - 04/10/26 15:41:02 - 0:00:00 - The experiment will be stored in /home/yu_mcc/PQC_salsa/runs/n30_q127_h3_1m/result/ab_binomial_h10_s10
                                     
INFO - 04/10/26 15:41:02 - 0:00:00 - Running command: python generate.py --cpu true --step Ab --reload_data '/home/yu_mcc/PQC_salsa/runs/n30_q127_h3_1m/ra_main' --N 30 --Q 127 --m 30 --min_hamming 10 --max_hamming 10 --num_secret_seeds 10 --secret_type binomial --sigma 3 --gamma 2 --epoch_size 8000 --reload_size 1000000 --num_workers 1 --dump_path '/home/yu_mcc/PQC_salsa/runs/n30_q127_h3_1m' --exp_name result --exp_id ab_binomial_h10_s10

INFO - 04/10/26 15:41:02 - 0:00:00 -  Nb CPU: 24 and Nb worker: 1
INFO - 04/10/26 15:41:02 - 0:00:00 - Creating binomial secret
INFO - 04/10/26 15:41:02 - 0:00:00 - Data will be stored in: /home/yu_mcc/PQC_salsa/runs/n30_q127_h3_1m/result/ab_binomial_h10_s10/test.prefix ...
INFO - 04/10/26 15:41:02 - 0:00:00 - Loading data from /home/yu_mcc/PQC_salsa/runs/n30_q127_h3_1m/ra_main/data.prefix ... seekpos 0
INFO - 04/10/26 15:41:07 - 0:00:05 - Loaded 17074 matrices from the disk. seekpos 74474233
INFO - 04/10/26 15:41:07 - 0:00:05 -     500 - 5974.60 equations/s - 
INFO - 04/10/26 15:41:08 - 0:00:06 -    1000 - 36892.49 equations/s - 
INFO - 04/10/26 15:41:09 - 0:00:07 -    1500 - 35277.65 equations/s - 
INFO - 04/10/26 15:41:10 - 0:00:08 -    2000 - 28843.85 equations/s - 
INFO - 04/10/26 15:41:11 - 0:00:09 -    2500 - 24178.37 equations/s - 
INFO - 04/10/26 15:41:12 - 0:00:10 -    3000 - 20707.61 equations/s - 
INFO - 04/10/26 15:41:14 - 0:00:12 -    3500 - 18918.87 equations/s - 
INFO - 04/10/26 15:41:16 - 0:00:14 -    4000 - 16108.37 equations/s - 
INFO - 04/10/26 15:41:18 - 0:00:16 -    4500 - 14395.01 equations/s - 
INFO - 04/10/26 15:41:20 - 0:00:18 -    5000 - 13024.62 equations/s - 
INFO - 04/10/26 15:41:23 - 0:00:21 -    5500 - 12330.01 equations/s - 
INFO - 04/10/26 15:41:25 - 0:00:23 -    6000 - 11437.30 equations/s - 
INFO - 04/10/26 15:41:32 - 0:00:30 -    6500 - 4622.31 equations/s - 
INFO - 04/10/26 15:41:35 - 0:00:33 -    7000 - 9200.36 equations/s - 
INFO - 04/10/26 15:41:38 - 0:00:36 -    7500 - 8866.21 equations/s - 
INFO - 04/10/26 15:41:42 - 0:00:40 -    8000 - 8775.27 equations/s - 
