INFO - 04/10/26 17:54:17 - 0:00:00 - ============ Initialized logger ============
INFO - 04/10/26 17:54:17 - 0:00:00 - N: 30
                                     Q: 127
                                     algo: BKZ2.0
                                     algo2: BKZ2.0
                                     batch_size: 20
                                     beta_max: 0.16
                                     beta_min: 0.08
                                     bkz_block_size: 30
                                     bkz_block_size2: 40
                                     boundary_base: 0.92
                                     boundary_jitter: 0.22
                                     clipping_bound: 4
                                     command: python generate.py --cpu true --step Ab --reload_data '/home/yu_mcc/PQC_salsa/runs/n30_q127_h3_1m/ra_main' --N 30 --Q 127 --m 30 --min_hamming 10 --max_hamming 10 --num_secret_seeds 10 --secret_type proposed_ternary_sparse --sigma 3 --gamma 2 --epoch_size 8000 --reload_size 1000000 --num_workers 1 --dump_path '/home/yu_mcc/PQC_salsa/runs' --exp_name n30_q127_h3_1m --exp_id ab_proposed_ternary_h10_s10 --exp_id "ab_proposed_ternary_h10_s10"
                                     correctQ: False
                                     cpu: True
                                     debug: False
                                     debug_slurm: False
                                     dump_path: /home/yu_mcc/PQC_salsa/runs/n30_q127_h3_1m/ab_proposed_ternary_h10_s10
                                     env_base_seed: -1
                                     epoch_size: 8000
                                     exp_id: ab_proposed_ternary_h10_s10
                                     exp_name: n30_q127_h3_1m
                                     family_count: 5
                                     float_type: double
                                     gamma: 2
                                     global_rank: 0
                                     is_master: True
                                     is_slurm_job: False
                                     lll_delta: 0.96
                                     lll_delta2: 0.99
                                     lll_penalty: 10
                                     local_rank: 0
                                     lwe: False
                                     m: 30
                                     master_port: -1
                                     max_hamming: 10
                                     max_timeout_count: 10
                                     min_hamming: 10
                                     multi_gpu: False
                                     multi_node: False
                                     n_gpu_per_node: 1
                                     n_nodes: 1
                                     node_id: 0
                                     num_orig_samples: -1
                                     num_secret_seeds: 10
                                     num_workers: 1
                                     orig_A_path: /home/yu_mcc/PQC_salsa/runs/n30_q127_h3_1m/origA_4n/orig_A.npy
                                     region_count: 4
                                     reload_data: /home/yu_mcc/PQC_salsa/runs/n30_q127_h3_1m/ra_main
                                     reload_perm: 
                                     reload_size: 1000000
                                     resume_path: 
                                     rnorm: 1.0
                                     secret_dir: 
                                     secret_type: proposed_ternary_sparse
                                     setup_eval_samples: 4096
                                     sigma: 3.0
                                     step: Ab
                                     threshold: -1
                                     threshold2: 0.5
                                     timeout: 10
                                     tiny1: False
                                     tiny2: True
                                     use_polish: False
                                     world_size: 1
INFO - 04/10/26 17:54:17 - 0:00:00 - The experiment will be stored in /home/yu_mcc/PQC_salsa/runs/n30_q127_h3_1m/ab_proposed_ternary_h10_s10
                                     
INFO - 04/10/26 17:54:17 - 0:00:00 - Running command: python generate.py --cpu true --step Ab --reload_data '/home/yu_mcc/PQC_salsa/runs/n30_q127_h3_1m/ra_main' --N 30 --Q 127 --m 30 --min_hamming 10 --max_hamming 10 --num_secret_seeds 10 --secret_type proposed_ternary_sparse --sigma 3 --gamma 2 --epoch_size 8000 --reload_size 1000000 --num_workers 1 --dump_path '/home/yu_mcc/PQC_salsa/runs' --exp_name n30_q127_h3_1m --exp_id ab_proposed_ternary_h10_s10

INFO - 04/10/26 17:54:17 - 0:00:00 -  Nb CPU: 24 and Nb worker: 1
INFO - 04/10/26 17:54:17 - 0:00:00 - Creating proposed_ternary_sparse secret
INFO - 04/10/26 17:54:18 - 0:00:01 - Data will be stored in: /home/yu_mcc/PQC_salsa/runs/n30_q127_h3_1m/ab_proposed_ternary_h10_s10/test.prefix ...
INFO - 04/10/26 17:54:18 - 0:00:01 - Loading data from /home/yu_mcc/PQC_salsa/runs/n30_q127_h3_1m/ra_main/data.prefix ... seekpos 0
INFO - 04/10/26 17:54:23 - 0:00:06 - Loaded 17074 matrices from the disk. seekpos 74474233
INFO - 04/10/26 17:54:24 - 0:00:06 -     500 - 5272.39 equations/s - 
INFO - 04/10/26 17:54:25 - 0:00:07 -    1000 - 34781.07 equations/s - 
INFO - 04/10/26 17:54:26 - 0:00:08 -    1500 - 33679.21 equations/s - 
INFO - 04/10/26 17:54:27 - 0:00:09 -    2000 - 28064.69 equations/s - 
INFO - 04/10/26 17:54:28 - 0:00:11 -    2500 - 22373.38 equations/s - 
INFO - 04/10/26 17:54:30 - 0:00:12 -    3000 - 19580.91 equations/s - 
INFO - 04/10/26 17:54:31 - 0:00:14 -    3500 - 17578.40 equations/s - 
INFO - 04/10/26 17:54:33 - 0:00:16 -    4000 - 15465.83 equations/s - 
INFO - 04/10/26 17:54:36 - 0:00:18 -    4500 - 12987.56 equations/s - 
INFO - 04/10/26 17:54:38 - 0:00:20 -    5000 - 13121.76 equations/s - 
INFO - 04/10/26 17:54:40 - 0:00:23 -    5500 - 12569.29 equations/s - 
INFO - 04/10/26 17:54:43 - 0:00:25 -    6000 - 11100.25 equations/s - 
INFO - 04/10/26 17:54:46 - 0:00:28 -    6500 - 10243.97 equations/s - 
INFO - 04/10/26 17:54:50 - 0:00:33 -    7000 - 6988.79 equations/s - 
INFO - 04/10/26 17:54:53 - 0:00:36 -    7500 - 9123.16 equations/s - 
INFO - 04/10/26 17:54:57 - 0:00:39 -    8000 - 8643.77 equations/s - 
